// Jest Snapshot v1, https://goo.gl/fbAQLP

exports[`test to get App class has a title 1`] = `
<div
  className="app-container"
  data-test="container"
  title="dell lee"
>
  hello world
</div>
`;
